[backblue.gif]
[fade.gif]
[index.html]
[latentfaces.localhost_8080/feed]
[latentfaces.localhost_8080/comments/feed]
[latentfaces.localhost_8080/wp-json/oembed/1.0/embede6a8.json]
[latentfaces.localhost_8080/wp-json/oembed/1.0/embed7fb0]
[latentfaces.localhost_8080/wp-includes/js/jquery/jquery.minf43b.js]
[latentfaces.localhost_8080/wp-includes/js/jquery/jquery-migrate.min5589.js]
[latentfaces.localhost_8080/wp-json/index.html]
[latentfaces.localhost_8080/wp-json/wp/v2/pages/6.json]
[latentfaces.localhost_8080/xmlrpc0db0.php]
[latentfaces.localhost_8080/wp-content/uploads/2020/01/cropped-1460407-new-halloween-skeleton-wallpaper-1920x1080-1-32x32.jpg]
[latentfaces.localhost_8080/wp-content/uploads/2020/01/cropped-1460407-new-halloween-skeleton-wallpaper-1920x1080-1-192x192.jpg]
[latentfaces.localhost_8080/wp-content/uploads/2020/01/cropped-1460407-new-halloween-skeleton-wallpaper-1920x1080-1-180x180.jpg]
[latentfaces.localhost_8080/wp-content/uploads/2019/10/cropped-1094160-1-4.jpg]
[latentfaces.localhost_8080/wp-content/plugins/audioigniter/player/build/app1c12.js]
[latentfaces.localhost_8080/wp-content/themes/musicsong/assets/js/skip-link-focus-fix.minb7d3.js]
[latentfaces.localhost_8080/wp-content/themes/musicsong/assets/js/navigation.min4a7d.js]
[latentfaces.localhost_8080/wp-content/themes/musicsong/assets/js/slick.min4d6f.js]
[latentfaces.localhost_8080/index.html]
[latentfaces.localhost_8080/wp-admin/css/color-picker.min4d6f.css]
[latentfaces.localhost_8080/wp-content/plugins/audioigniter/player/build/style1c12.css]
[latentfaces.localhost_8080/wp-content/themes/musicsong/assets/js/custom.min4a7d.js]
[latentfaces.localhost_8080/wp-content/themes/musicsong/assets/fonts/fontawesome-webfont3e6e.eot]
[latentfaces.localhost_8080/wp-content/themes/musicsong/assets/fonts/fontawesome-webfontd41d.eot]
[latentfaces.localhost_8080/wp-content/themes/musicsong/assets/fonts/fontawesome-webfont3e6e.woff2]
[latentfaces.localhost_8080/wp-content/themes/musicsong/assets/fonts/fontawesome-webfont3e6e.woff]
[latentfaces.localhost_8080/wp-content/themes/musicsong/assets/fonts/fontawesome-webfont3e6e.ttf]
[latentfaces.localhost_8080/wp-content/themes/musicsong/assets/css/font-awesome.min4d6f.css]
[latentfaces.localhost_8080/wp-content/themes/musicsong/assets/css/slick.min4d6f.css]
[latentfaces.localhost_8080/wp-content/themes/musicsong/assets/fonts/ajax-loader.gif]
[latentfaces.localhost_8080/wp-content/themes/musicsong/assets/fonts/slick.eot]
[latentfaces.localhost_8080/wp-content/themes/musicsong/assets/fonts/slickd41d.eot]
[latentfaces.localhost_8080/wp-content/themes/musicsong/assets/fonts/slick.woff]
[latentfaces.localhost_8080/wp-content/themes/musicsong/assets/fonts/slick.ttf]
[latentfaces.localhost_8080/wp-content/themes/musicsong/assets/css/slick-theme.min4d6f.css]
[latentfaces.localhost_8080/wp-content/themes/musicsong/assets/css/magnific-popup.min4d6f.css]
[latentfaces.localhost_8080/wp-content/themes/musicsong/assets/css/blocks.min4d6f.css]
[latentfaces.localhost_8080/wp-content/themes/musicsong/assets/uploads/pattern.png]
[latentfaces.localhost_8080/wp-content/themes/musicsong/style4d6f.css]
[latentfaces.localhost_8080/blog-archive/feed]
[latentfaces.localhost_8080/wp-json/oembed/1.0/embed7253.json]
[latentfaces.localhost_8080/wp-json/oembed/1.0/embedbc70]
[latentfaces.localhost_8080/wp-json/wp/v2/pages/87.json]
[latentfaces.localhost_8080/wp-content/uploads/2020/01/cropped-717943-ghost-wallpapers-3073x2048-desktop-4.jpg]
[latentfaces.localhost_8080/blog-archive.html]
[latentfaces.localhost_8080/wp-includes/js/comment-reply.min4d6f.js]
[latentfaces.localhost_8080/wp-json/oembed/1.0/embedff00.json]
[latentfaces.localhost_8080/wp-json/oembed/1.0/embed908c]
[latentfaces.localhost_8080/wp-json/wp/v2/pages/46.json]
[latentfaces.localhost_8080/wp-content/uploads/2020/04/cropped-572982-1.jpg]
[latentfaces.localhost_8080/songs-videos.html]
[latentfaces.localhost_8080/wp-json/oembed/1.0/embedaa6e.json]
[latentfaces.localhost_8080/wp-json/oembed/1.0/embed2d6a]
[latentfaces.localhost_8080/wp-json/wp/v2/pages/61.json]
[latentfaces.localhost_8080/wp-content/uploads/2020/04/cropped-58812.jpg]
[latentfaces.localhost_8080/news.html]
[latentfaces.localhost_8080/wp-json/oembed/1.0/embed248d.json]
[latentfaces.localhost_8080/wp-json/oembed/1.0/embedbbaa]
[latentfaces.localhost_8080/wp-json/wp/v2/pages/9.json]
[latentfaces.localhost_8080/wp-content/uploads/2020/04/cropped-653616-1.jpg]
[latentfaces.localhost_8080/shop.html]
[latentfaces.localhost_8080/wp-json/oembed/1.0/embed3570.json]
[latentfaces.localhost_8080/wp-json/oembed/1.0/embed96d5]
[latentfaces.localhost_8080/wp-json/wp/v2/pages/7.json]
[latentfaces.localhost_8080/blog.html]
[latentfaces.localhost_8080/wp-json/oembed/1.0/embedc5f9.json]
[latentfaces.localhost_8080/wp-json/oembed/1.0/embed526a]
[latentfaces.localhost_8080/wp-json/wp/v2/pages/1823.json]
[latentfaces.localhost_8080/wp-content/uploads/2020/01/cropped-717753-ghost-wallpapers-1920x1080-desktop-1.jpg]
[latentfaces.localhost_8080/front-page/http-feymore-com.html]
[latentfaces.localhost_8080/wp-json/oembed/1.0/embed16ad.json]
[latentfaces.localhost_8080/wp-json/oembed/1.0/embedcfd9]
[latentfaces.localhost_8080/wp-json/wp/v2/pages/11.json]
[latentfaces.localhost_8080/checkout.html]
[latentfaces.localhost_8080/wp-json/oembed/1.0/embed64a2.json]
[latentfaces.localhost_8080/wp-json/oembed/1.0/embedd016]
[latentfaces.localhost_8080/wp-json/wp/v2/pages/63.json]
[latentfaces.localhost_8080/contact.html]
[latentfaces.localhost_8080/wp-json/oembed/1.0/embed9bb6.json]
[latentfaces.localhost_8080/wp-json/oembed/1.0/embedc62f]
[latentfaces.localhost_8080/wp-json/wp/v2/pages/66.json]
[latentfaces.localhost_8080/wp-content/uploads/2020/01/388485.jpg]
[latentfaces.localhost_8080/about.html]
[latentfaces.localhost_8080/wp-json/oembed/1.0/embede326.json]
[latentfaces.localhost_8080/wp-json/oembed/1.0/embedb561]
[latentfaces.localhost_8080/wp-json/wp/v2/pages/10.json]
[latentfaces.localhost_8080/wp-content/uploads/2020/04/cropped-275667.jpg]
[latentfaces.localhost_8080/basket.html]
[latentfaces.localhost_8080/wp-json/oembed/1.0/embed91f4.json]
[latentfaces.localhost_8080/wp-json/oembed/1.0/embed82fc]
[latentfaces.localhost_8080/wp-json/wp/v2/pages/12.json]
[latentfaces.localhost_8080/my-account.html]
[latentfaces.localhost_8080/wp-json/oembed/1.0/embed426c.json]
[latentfaces.localhost_8080/wp-json/oembed/1.0/embed4450]
[latentfaces.localhost_8080/wp-json/wp/v2/pages/2708.json]
[latentfaces.localhost_8080/wp-content/uploads/2020/04/cropped-568005-1.jpg]
[latentfaces.localhost_8080/purchase-confirmation.html]
[latentfaces.localhost_8080/wp-json/oembed/1.0/embed1ba2.json]
[latentfaces.localhost_8080/wp-json/oembed/1.0/embed834d]
[latentfaces.localhost_8080/wp-json/wp/v2/pages/2710.json]
[latentfaces.localhost_8080/purchase-history.html]
[latentfaces.localhost_8080/wp-json/oembed/1.0/embedaa38.json]
[latentfaces.localhost_8080/wp-json/oembed/1.0/embeddd13]
[latentfaces.localhost_8080/wp-json/wp/v2/pages/2709.json]
[latentfaces.localhost_8080/transaction-failed.html]
[latentfaces.localhost_8080/wp-content/themes/musicsong/assets/fonts/fontawesome-webfont3e6e.svg]
[latentfaces.localhost_8080/wp-content/themes/musicsong/assets/fonts/slick.html]
[latentfaces.localhost_8080/wp-content/themes/musicsong/assets/uploads/down-arrow.svg]
[latentfaces.localhost_8080/index5d38.html]
[latentfaces.localhost_8080/wp-content/uploads/2020/04/cropped-242291.jpg]
[latentfaces.localhost_8080/wp-content/uploads/2021/05/02-Thule-mp3-image-1024x576.jpg]
[latentfaces.localhost_8080/2021/05.html]
[latentfaces.localhost_8080/2019/10.html]
[latentfaces.localhost_8080/index7ea6.html]
[latentfaces.localhost_8080/index094d.html]
[latentfaces.localhost_8080/indexb5fb.html]
[latentfaces.localhost_8080/indexc4f7.html]
[latentfaces.localhost_8080/index20fc.html]
[latentfaces.localhost_8080/index5757.html]
[latentfaces.localhost_8080/index2cce.html]
[latentfaces.localhost_8080/index4f61.html]
[latentfaces.localhost_8080/index64b4.html]
[latentfaces.localhost_8080/index678b.html]
[latentfaces.localhost_8080/index8881.html]
[latentfaces.localhost_8080/index0042.html]
[latentfaces.localhost_8080/index816a.html]
[latentfaces.local/wp-content/uploads/2026/08/388485.jpg]
[latentfaces.localhost_8080/wp-content/uploads/2020/04/cropped-103338.jpg]
[latentfaces.localhost_8080/2021.html]
[latentfaces.localhost_8080/2021/05/2657/feed]
[latentfaces.localhost_8080/wp-json/oembed/1.0/embedc760.json]
[latentfaces.localhost_8080/wp-json/oembed/1.0/embede6cf]
[latentfaces.localhost_8080/wp-json/wp/v2/posts/2657.json]
[latentfaces.localhost_8080/wp-content/uploads/2021/05/02-Thule-mp3-image.jpg]
[latentfaces.localhost_8080/2021/05/2657.html]
[latentfaces.localhost_8080/wp-content/uploads/2019/10/cropped-dark-fantasy-landscape-wallpaper-wide-1280x720-2.jpg]
[latentfaces.localhost_8080/2019.html]
[latentfaces.localhost_8080/2019/10/hello-world/feed]
[latentfaces.localhost_8080/wp-json/oembed/1.0/embed7c3d.json]
[latentfaces.localhost_8080/wp-json/oembed/1.0/embed3289]
[latentfaces.localhost_8080/wp-json/wp/v2/posts/1.json]
[latentfaces.localhost_8080/2019/10/hello-world.html]
[latentfaces.feymore.com/wp-content/uploads/2019/10/1955191062.png]
[latentfaces.localhost_8080/xmlrpc.php]
[latentfaces.localhost_8080/indexb2a0.html]
[latentfaces.localhost_8080/author/rahidafey/feed]
[latentfaces.localhost_8080/wp-json/wp/v2/users/1.json]
[latentfaces.localhost_8080/wp-content/uploads/2020/01/cropped-1460386-halloween-skeleton-wallpaper-1080x1920-screen.jpg]
[latentfaces.localhost_8080/author/rahidafey.html]
[latentfaces.localhost_8080/indexcff1.html]
[latentfaces.localhost_8080/2019/10/hello-world6809.html]
[latentfaces.localhost_8080/wp-content/uploads/2020/01/cropped-1460394-cool-halloween-skeleton-wallpaper-1920x1200-smartphone-6.jpg]
[latentfaces.localhost_8080/2019/10/hello-world580c.html]
[latentfaces.localhost_8080/2019/10/hello-worldbec0.html]
[latentfaces.localhost_8080/2019/10/hello-world1f71.html]
[latentfaces.localhost_8080/wp-content/uploads/2020/04/cropped-191492.jpg]
[latentfaces.localhost_8080/2019/10/hello-world5f36.html]
[latentfaces.feymore.com/wp-content/uploads/2019/10/metal-slayer-behemoth-rock-music-guns-roses-judas-priest_4142099-1024x640.jpg]
[latentfaces.feymore.com/wp-content/uploads/2020/04/589258-300x188.jpg]
[latentfaces.feymore.com/wp-content/uploads/2019/10/118479-1024x576.jpg]
[latentfaces.feymore.com/wp-content/uploads/2019/10/header-1920x600.jpg]
[latentfaces.feymore.com/wp-content/uploads/2019/10/1094160-1.jpg]
